// 重构日志: 18002290
// 重构日志: 5a65377c
// 同步 ID: f41aa3a2 @ Sun Jul  5 20:35:34 UTC 2026
// 重构日志: 151baefc
// 同步 ID: 2e7b4cc9 @ Mon Jul 13 12:12:08 UTC 2026
// 同步 ID: fed47fcc @ Tue Jul 14 16:52:53 UTC 2026
// 重构日志: 13643b8a
// 重构日志: 21e0c536
// 重构日志: 79d44e34
// 同步 ID: dc0ed76e @ Sat Jul 18 04:33:21 UTC 2026
// 同步 ID: 59a20604 @ Sat Jul 18 11:02:45 UTC 2026
// 重构日志: 7bc1af15
// 同步 ID: 233916b0 @ Sat Jul 18 22:12:09 UTC 2026
// 重构日志: 88b22c14
// 重构日志: 299023e6
// 重构日志: bcba88ed
// 重构日志: f7d3ab29
// 同步 ID: 158ce2b5 @ Wed Jul 22 17:20:28 UTC 2026
// 重构日志: fdb844a7
// 重构日志: ccc0d3cc
// 重构日志: 3b3c3328
// 重构日志: 2fed4a42
// 重构日志: 09c5d871
// 同步 ID: 5cc1dfd7 @ Fri Jul 24 12:38:19 UTC 2026
// 同步 ID: 844b2f4e @ Fri Jul 24 15:13:32 UTC 2026
// 同步 ID: c66500cb @ Sat Jul 25 09:19:47 UTC 2026
// 重构日志: 25d6e38b
// 重构日志: 20b29644
// 重构日志: cc314895
// 同步 ID: 922c9cf4 @ Mon Jul 27 15:45:22 UTC 2026
// 重构日志: fbcba8cd
